SET search_path TO public;
CREATE ROLE super_user
  SUPERUSER
  NOCREATEDB
  NOCREATEROLE
  NOINHERIT
  NOLOGIN
  NOREPLICATION
  CONNECTION LIMIT 1;
CREATE ROLE normal_user
  NOSUPERUSER
  NOCREATEDB
  NOCREATEROLE
  NOINHERIT
  NOLOGIN
  NOREPLICATION
  CONNECTION LIMIT 1;
DROP SCHEMA s1 CASCADE;
NOTICE:  drop cascades to table s1.t1
CREATE SCHEMA s1;
CREATE SCHEMA s2;
CREATE SCHEMA s3;
CREATE TABLE s1.t1 (c1 int, c2 int, c3 int, c4 text, PRIMARY KEY (c1));
NOTICE:  CREATE TABLE / PRIMARY KEY will create implicit index "t1_pkey" for table "t1"
CREATE TABLE s1.t2 (c1 int, c2 int, c3 int, c4 text, PRIMARY KEY (c1));
NOTICE:  CREATE TABLE / PRIMARY KEY will create implicit index "t2_pkey" for table "t2"
CREATE TABLE s1.t3 (c1 int, c2 int, c3 int, c4 text, PRIMARY KEY (c1));
NOTICE:  CREATE TABLE / PRIMARY KEY will create implicit index "t3_pkey" for table "t3"
CREATE TABLE s1.t4 (c1 int, c2 int, c3 int, c4 text, PRIMARY KEY (c1));
NOTICE:  CREATE TABLE / PRIMARY KEY will create implicit index "t4_pkey" for table "t4"
CREATE TABLE s1.t5 (c1 int, c2 int, c3 int, c4 text, PRIMARY KEY (c1));
NOTICE:  CREATE TABLE / PRIMARY KEY will create implicit index "t5_pkey" for table "t5"
CREATE TABLE s1.t6 (c1 int, c2 int, c3 int, c4 text, PRIMARY KEY (c1));
NOTICE:  CREATE TABLE / PRIMARY KEY will create implicit index "t6_pkey" for table "t6"
CREATE TABLE s1.t7 (c1 int, c2 int, c3 int, c4 text, PRIMARY KEY (c1));
NOTICE:  CREATE TABLE / PRIMARY KEY will create implicit index "t7_pkey" for table "t7"
CREATE TABLE s1.t8 (c1 int, c2 int, c3 int, c4 text, PRIMARY KEY (c1));
NOTICE:  CREATE TABLE / PRIMARY KEY will create implicit index "t8_pkey" for table "t8"
CREATE TABLE s1.t9 (c1 int, c2 int, c3 int, c4 text, PRIMARY KEY (c1), UNIQUE (c4));
NOTICE:  CREATE TABLE / PRIMARY KEY will create implicit index "t9_pkey" for table "t9"
NOTICE:  CREATE TABLE / UNIQUE will create implicit index "t9_c4_key" for table "t9"
CREATE TABLE s2.t1 (c1 int, c2 int, c3 int, c4 text, PRIMARY KEY (c1));
NOTICE:  CREATE TABLE / PRIMARY KEY will create implicit index "t1_pkey" for table "t1"
CREATE TABLE s3.t1 (c1 int, c2 int, c3 int, c4 text, PRIMARY KEY (c1));
NOTICE:  CREATE TABLE / PRIMARY KEY will create implicit index "t1_pkey" for table "t1"
CREATE TABLE s1.p1 (c1 int, c2 int, c3 int, c4 text, PRIMARY KEY (c1));
NOTICE:  CREATE TABLE / PRIMARY KEY will create implicit index "p1_pkey" for table "p1"
CREATE TABLE s1.p2 (c1 int, c2 int, c3 int, c4 text, PRIMARY KEY (c1));
NOTICE:  CREATE TABLE / PRIMARY KEY will create implicit index "p2_pkey" for table "p2"
CREATE TABLE s1.p1c1 (LIKE s1.p1 INCLUDING ALL, CHECK (c1 <= 100)) INHERITS(s1.p1);
NOTICE:  merging column "c1" with inherited definition
NOTICE:  merging column "c2" with inherited definition
NOTICE:  merging column "c3" with inherited definition
NOTICE:  merging column "c4" with inherited definition
NOTICE:  CREATE TABLE / PRIMARY KEY will create implicit index "p1c1_pkey" for table "p1c1"
CREATE TABLE s1.p1c2 (LIKE s1.p1 INCLUDING ALL, CHECK (c1 > 100 AND c1 <= 200)) INHERITS(s1.p1);
NOTICE:  merging column "c1" with inherited definition
NOTICE:  merging column "c2" with inherited definition
NOTICE:  merging column "c3" with inherited definition
NOTICE:  merging column "c4" with inherited definition
NOTICE:  CREATE TABLE / PRIMARY KEY will create implicit index "p1c2_pkey" for table "p1c2"
CREATE TABLE s1.p1c3 (LIKE s1.p1 INCLUDING ALL, CHECK (c1 > 200)) INHERITS(s1.p1);
NOTICE:  merging column "c1" with inherited definition
NOTICE:  merging column "c2" with inherited definition
NOTICE:  merging column "c3" with inherited definition
NOTICE:  merging column "c4" with inherited definition
NOTICE:  CREATE TABLE / PRIMARY KEY will create implicit index "p1c3_pkey" for table "p1c3"
CREATE TABLE s1.p2c1 (LIKE s1.p2 INCLUDING ALL, CHECK (c1 <= 100)) INHERITS(s1.p2);
NOTICE:  merging column "c1" with inherited definition
NOTICE:  merging column "c2" with inherited definition
NOTICE:  merging column "c3" with inherited definition
NOTICE:  merging column "c4" with inherited definition
NOTICE:  CREATE TABLE / PRIMARY KEY will create implicit index "p2c1_pkey" for table "p2c1"
CREATE TABLE s1.p2c2 (LIKE s1.p2 INCLUDING ALL, CHECK (c1 > 100 AND c1 <= 200)) INHERITS(s1.p2);
NOTICE:  merging column "c1" with inherited definition
NOTICE:  merging column "c2" with inherited definition
NOTICE:  merging column "c3" with inherited definition
NOTICE:  merging column "c4" with inherited definition
NOTICE:  CREATE TABLE / PRIMARY KEY will create implicit index "p2c2_pkey" for table "p2c2"
CREATE TABLE s1.p2c3 (LIKE s1.p2 INCLUDING ALL, CHECK (c1 > 200)) INHERITS(s1.p2);
NOTICE:  merging column "c1" with inherited definition
NOTICE:  merging column "c2" with inherited definition
NOTICE:  merging column "c3" with inherited definition
NOTICE:  merging column "c4" with inherited definition
NOTICE:  CREATE TABLE / PRIMARY KEY will create implicit index "p2c3_pkey" for table "p2c3"
CREATE TABLE s1.p2c1c1 (LIKE s1.p2c1 INCLUDING ALL, CHECK (c1 <= 50)) INHERITS(s1.p2c1);
NOTICE:  merging column "c1" with inherited definition
NOTICE:  merging column "c2" with inherited definition
NOTICE:  merging column "c3" with inherited definition
NOTICE:  merging column "c4" with inherited definition
NOTICE:  merging constraint "p2c1_c1_check" with inherited definition
NOTICE:  CREATE TABLE / PRIMARY KEY will create implicit index "p2c1c1_pkey" for table "p2c1c1"
CREATE TABLE s1.p2c1c2 (LIKE s1.p2c1 INCLUDING ALL, CHECK (c1 > 50 AND c1 <= 100)) INHERITS(s1.p2c1);
NOTICE:  merging column "c1" with inherited definition
NOTICE:  merging column "c2" with inherited definition
NOTICE:  merging column "c3" with inherited definition
NOTICE:  merging column "c4" with inherited definition
NOTICE:  merging constraint "p2c1_c1_check" with inherited definition
NOTICE:  CREATE TABLE / PRIMARY KEY will create implicit index "p2c1c2_pkey" for table "p2c1c2"
CREATE TABLE s1.p2c2c1 (LIKE s1.p2c2 INCLUDING ALL, CHECK (c1 > 100 AND c1 <= 150)) INHERITS(s1.p2c2);
NOTICE:  merging column "c1" with inherited definition
NOTICE:  merging column "c2" with inherited definition
NOTICE:  merging column "c3" with inherited definition
NOTICE:  merging column "c4" with inherited definition
NOTICE:  merging constraint "p2c2_c1_check" with inherited definition
NOTICE:  CREATE TABLE / PRIMARY KEY will create implicit index "p2c2c1_pkey" for table "p2c2c1"
CREATE TABLE s1.p2c2c2 (LIKE s1.p2c2 INCLUDING ALL, CHECK (c1 > 150 AND c1 <= 200)) INHERITS(s1.p2c2);
NOTICE:  merging column "c1" with inherited definition
NOTICE:  merging column "c2" with inherited definition
NOTICE:  merging column "c3" with inherited definition
NOTICE:  merging column "c4" with inherited definition
NOTICE:  merging constraint "p2c2_c1_check" with inherited definition
NOTICE:  CREATE TABLE / PRIMARY KEY will create implicit index "p2c2c2_pkey" for table "p2c2c2"
CREATE TABLE s1.p2c3c1 (LIKE s1.p2c3 INCLUDING ALL, CHECK (c1 > 200 AND c1 <= 250)) INHERITS(s1.p2c3);
NOTICE:  merging column "c1" with inherited definition
NOTICE:  merging column "c2" with inherited definition
NOTICE:  merging column "c3" with inherited definition
NOTICE:  merging column "c4" with inherited definition
NOTICE:  merging constraint "p2c3_c1_check" with inherited definition
NOTICE:  CREATE TABLE / PRIMARY KEY will create implicit index "p2c3c1_pkey" for table "p2c3c1"
CREATE TABLE s1.p2c3c2 (LIKE s1.p2c3 INCLUDING ALL, CHECK (c1 > 250)) INHERITS(s1.p2c3);
NOTICE:  merging column "c1" with inherited definition
NOTICE:  merging column "c2" with inherited definition
NOTICE:  merging column "c3" with inherited definition
NOTICE:  merging column "c4" with inherited definition
NOTICE:  merging constraint "p2c3_c1_check" with inherited definition
NOTICE:  CREATE TABLE / PRIMARY KEY will create implicit index "p2c3c2_pkey" for table "p2c3c2"
CREATE TABLE s1.r1 (c1 int, c2 int, c3 int, c4 text, PRIMARY KEY (c1));
NOTICE:  CREATE TABLE / PRIMARY KEY will create implicit index "r1_pkey" for table "r1"
CREATE TABLE s1.r2 (c1 int, c2 int, c3 int, c4 text, PRIMARY KEY (c1));
NOTICE:  CREATE TABLE / PRIMARY KEY will create implicit index "r2_pkey" for table "r2"
CREATE TABLE s1.r3 (c1 int, c2 int, c3 int, c4 text, PRIMARY KEY (c1));
NOTICE:  CREATE TABLE / PRIMARY KEY will create implicit index "r3_pkey" for table "r3"
CREATE UNLOGGED TABLE s1.ul1 (LIKE s1.t1 INCLUDING ALL);
NOTICE:  CREATE TABLE / PRIMARY KEY will create implicit index "ul1_pkey" for table "ul1"
INSERT INTO s1.t1 SELECT i, i, i % 100, i FROM (SELECT generate_series(1, 1000) i) t;
INSERT INTO s1.t2 SELECT i, i, i % 10, i FROM (SELECT generate_series(1, 100) i) t;
--INSERT INTO s1.t3 SELECT i, i, i % 10, i FROM (SELECT generate_series(1, 100) i) t;
--INSERT INTO s1.t4 SELECT i, i, i % 10, i FROM (SELECT generate_series(1, 100) i) t;
--INSERT INTO s1.t5 SELECT i, i, i % 10, i FROM (SELECT generate_series(1, 100) i) t;
--INSERT INTO s1.t6 SELECT i, i, i % 10, i FROM (SELECT generate_series(1, 100) i) t;
--INSERT INTO s1.t7 SELECT i, i, i % 10, i FROM (SELECT generate_series(1, 100) i) t;
--INSERT INTO s1.t8 SELECT i, i, i % 10, i FROM (SELECT generate_series(1, 100) i) t;
--INSERT INTO s1.t9 SELECT i, i, i % 10, i FROM (SELECT generate_series(1, 100) i) t;
INSERT INTO s2.t1 SELECT i, i, i % 10, i FROM (SELECT generate_series(1, 100) i) t;
INSERT INTO s3.t1 SELECT i, i, i % 10, i FROM (SELECT generate_series(1, 100) i) t;
INSERT INTO s1.p1c1 SELECT i, i, i % 10, i FROM (SELECT generate_series(1, 100) i) t;
INSERT INTO s1.p1c2 SELECT i, i, i % 10, i FROM (SELECT generate_series(101, 200) i) t;
INSERT INTO s1.p1c3 SELECT i, i, i % 10, i FROM (SELECT generate_series(201, 300) i) t;
--INSERT INTO s1.p2c1c1 SELECT i, i, i % 10, i FROM (SELECT generate_series(1, 50) i) t;
--INSERT INTO s1.p2c1c2 SELECT i, i, i % 10, i FROM (SELECT generate_series(51, 100) i) t;
--INSERT INTO s1.p2c2c1 SELECT i, i, i % 10, i FROM (SELECT generate_series(101, 150) i) t;
--INSERT INTO s1.p2c2c2 SELECT i, i, i % 10, i FROM (SELECT generate_series(151, 200) i) t;
--INSERT INTO s1.p2c3c1 SELECT i, i, i % 10, i FROM (SELECT generate_series(201, 250) i) t;
--INSERT INTO s1.p2c3c2 SELECT i, i, i % 10, i FROM (SELECT generate_series(251, 300) i) t;
--INSERT INTO s1.r1 SELECT i, i, i % 10, i FROM (SELECT generate_series(1, 100) i) t;
--INSERT INTO s1.r2 SELECT i, i, i % 10, i FROM (SELECT generate_series(1, 100) i) t;
--INSERT INTO s1.r3 SELECT i, i, i % 10, i FROM (SELECT generate_series(1, 100) i) t;
CREATE INDEX t1_i ON s1.t1 (c3);
CREATE INDEX t2_i ON s1.t2 (c2);
CREATE INDEX t3_i ON s1.t3 (c2);
/*
CREATE INDEX t4_i ON s1.t4 (c2);
CREATE INDEX t5_i ON s1.t5 (c2);
CREATE INDEX t6_i ON s1.t6 (c2);
CREATE INDEX t7_i ON s1.t7 (c2);
CREATE INDEX t8_i ON s1.t8 (c2);
CREATE INDEX t9_i ON s1.t9 (c2);
*/
CREATE INDEX t1_i ON s2.t1 (c2);
CREATE INDEX t1_i ON s3.t1 (c2);
CREATE INDEX p1_i ON s1.p1 (c2);
CREATE INDEX p2_i ON s1.p2 (c2);
CREATE INDEX p1c1_i ON s1.p1c1 (c2);
CREATE INDEX p1c2_i ON s1.p1c2 (c2);
CREATE INDEX p1c3_i ON s1.p1c3 (c2);
/*
CREATE INDEX p2c1_i ON s1.p2c1 (c2);
CREATE INDEX p2c2_i ON s1.p2c2 (c2);
CREATE INDEX p2c3_i ON s1.p2c3 (c2);
CREATE INDEX p2c1c1_i ON s1.p2c1c1 (c2);
CREATE INDEX p2c1c2_i ON s1.p2c1c2 (c2);
CREATE INDEX p2c2c1_i ON s1.p2c2c1 (c2);
CREATE INDEX p2c2c2_i ON s1.p2c2c2 (c2);
CREATE INDEX p2c3c1_i ON s1.p2c3c1 (c2);
CREATE INDEX p2c3c2_i ON s1.p2c3c2 (c2);
CREATE INDEX r1_i ON s1.r1 (c2);
CREATE INDEX r2_i ON s1.r2 (c2);
CREATE INDEX r3_i ON s1.r3 (c2);
*/
CREATE VIEW s1.v1 AS SELECT v1t1.c1, v1t1.c2, v1t1.c3, v1t1.c4 FROM s1.t1 v1t1;
CREATE VIEW s1.v2 AS SELECT v2t1.c1, v2t1.c2, v2t1.c3, v2t1.c4 FROM s1.t1 v2t1 JOIN s1.t2 v2t2 ON(v2t1.c1 = v2t2.c1);
CREATE VIEW s1.v3 AS SELECT v3t1.c1, v3t1.c2, v3t1.c3, v3t1.c4 FROM s1.t1 v3t1 JOIN s1.t2 v3t2 ON(v3t1.c1 = v3t2.c1) JOIN s1.t3 v3t3 ON(v3t1.c1 = v3t3.c1);
ANALYZE;
CREATE FUNCTION s1.f1 () RETURNS s1.t1 AS $$
VALUES(1,1,1,'1'), (2,2,2,'2'), (3,3,3,'3')
$$ LANGUAGE sql;
\q
